Distinct k-mers             617,752,318
Unique k-mers               559,216,292
Total abundance             707,340,672
